MPLINK 4.49, Linker
Linker Map File - Created Mon Apr 06 14:52:04 2020

                                 Section Info
                  Section       Type    Address   Location Size(Bytes)
                ---------  ---------  ---------  ---------  ---------
                   .org_0       code   0x000000    program   0x000000
                   .org_1       code   0x000000    program   0x000002
                   .org_2       code   0x000005    program   0x00003c



                              Program Memory Usage 
                               Start         End      
                           ---------   ---------      
                            0x000000    0x000000      
                            0x000005    0x000022      
            31 out of 8454 program addresses used, program memory utilization is 0%



                              Symbols - Sorted by Name
                     Name    Address   Location    Storage File                     
                ---------  ---------  ---------  --------- ---------                
               DELAY_20MS   0x00001b    program     static C:\Users\Ponce\Downloads\Practica 6 micros\practica 6 ejercicio1.asm
                   ESPERA   0x000013    program     static C:\Users\Ponce\Downloads\Practica 6 micros\practica 6 ejercicio1.asm
                   INICIO   0x000005    program     static C:\Users\Ponce\Downloads\Practica 6 micros\practica 6 ejercicio1.asm
                   PDelL1   0x000020    program     static C:\Users\Ponce\Downloads\Practica 6 micros\practica 6 ejercicio1.asm
                   PDelL2   0x000021    program     static C:\Users\Ponce\Downloads\Practica 6 micros\practica 6 ejercicio1.asm
                   PLOOP0   0x00001d    program     static C:\Users\Ponce\Downloads\Practica 6 micros\practica 6 ejercicio1.asm
                PRINCIPAL   0x000012    program     static C:\Users\Ponce\Downloads\Practica 6 micros\practica 6 ejercicio1.asm



                              Symbols - Sorted by Address
                     Name    Address   Location    Storage File                     
                ---------  ---------  ---------  --------- ---------                
                   INICIO   0x000005    program     static C:\Users\Ponce\Downloads\Practica 6 micros\practica 6 ejercicio1.asm
                PRINCIPAL   0x000012    program     static C:\Users\Ponce\Downloads\Practica 6 micros\practica 6 ejercicio1.asm
                   ESPERA   0x000013    program     static C:\Users\Ponce\Downloads\Practica 6 micros\practica 6 ejercicio1.asm
               DELAY_20MS   0x00001b    program     static C:\Users\Ponce\Downloads\Practica 6 micros\practica 6 ejercicio1.asm
                   PLOOP0   0x00001d    program     static C:\Users\Ponce\Downloads\Practica 6 micros\practica 6 ejercicio1.asm
                   PDelL1   0x000020    program     static C:\Users\Ponce\Downloads\Practica 6 micros\practica 6 ejercicio1.asm
                   PDelL2   0x000021    program     static C:\Users\Ponce\Downloads\Practica 6 micros\practica 6 ejercicio1.asm


